Reading model section from prod.mod...
prod.mod:84: warning: keyword logical understood as binary
Reading data section from prod.mod...
331 lines were read
Generating cost...
Generating rlim...
Generating olim...
Generating empl0...
Generating empl...
Generating emplbnd...
Generating dreq1...
Generating dreq...
Generating ireq...
Generating izero...
Generating ilim1...
Generating ilim...
Model has been successfully generated
glp_simplex: original LP has 210 rows, 235 columns, 922 non-zeros
glp_simplex: presolved LP has 177 rows, 214 columns, 660 non-zeros
lpx_adv_basis: size of triangular part = 177
      0:   objval =  1.664662669e+008   infeas =  1.000000000e+000 (0)
    108:   objval =  9.069301197e+007   infeas =  0.000000000e+000 (0)
*   108:   objval =  9.069301197e+007   infeas =  0.000000000e+000 (0)
*   200:   objval =  4.428469541e+006   infeas =  2.338546023e-013 (0)
*   209:   objval =  4.428412468e+006   infeas =  1.256772464e-013 (0)
OPTIMAL SOLUTION FOUND
Time used:   0.0 secs
Memory used: 0.6 Mb (584673 bytes)
lpx_print_sol: writing LP problem solution to `prod.soln'...
